This is pdfTeX, Version 3.141592653-2.6-1.40.26 (TeX Live 2025/dev/Debian) (preloaded format=latex 2025.9.27)  6 JAN 2026 20:03
entering extended mode
 restricted \write18 enabled.
 %&-line parsing enabled.
**\makeatletter\def\HCode{\futurelet\HCode\HChar}\def\HChar{\ifx"\HCode\def\HCo
de"##1"{\Link##1}\expandafter\HCode\else\expandafter\Link\fi}\def\Link#1.a.b.c.
{\let\HCode\documentstyle\def\documentstyle{\let\documentstyle\HCode\expandafte
r\def\csname tex4ht\endcsname{#1,html}\def\HCode####1{\documentstyle[tex4ht,}\@
ifnextchar[{\HCode}{\documentstyle[tex4ht]}}\RequirePackage[#1,html]{tex4ht}}\m
akeatother\HCode xhtml,,charset=utf-8,html5.a.b.c.\input "\detokenize{index}"
(/usr/share/texlive/texmf-dist/tex/generic/tex4ht/tex4ht.sty
version 2025-02-27-12:30
Package: tex4ht 
--------------------------------------
--- Note --- for _ at preamble, use the command line option `early_'
--------------------------------------
--------------------------------------
--- Note --- for ^ at preamble, use the command line option `early^'
--------------------------------------
\tmp:toks=\toks17
) (./index.tex (/usr/share/texlive/texmf-dist/tex/generic/tex4ht/usepackage.4ht
version 2024-12-06-14:38
) (/usr/share/texlive/texmf-dist/tex/latex/base/article.cls
Document Class: article 2024/06/29 v1.4n Standard LaTeX document class
(/usr/share/texlive/texmf-dist/tex/latex/base/size10.clo
File: size10.clo 2024/06/29 v1.4n Standard LaTeX file (size option)
)
\c@part=\count196
\c@section=\count197
\c@subsection=\count198
\c@subsubsection=\count199
\c@paragraph=\count266
\c@subparagraph=\count267
\c@figure=\count268
\c@table=\count269
\abovecaptionskip=\skip49
\belowcaptionskip=\skip50
\bibindent=\dimen141
) (/usr/share/texlive/texmf-dist/tex/generic/tex4ht/hyperref-hooks.4ht
version 2023-09-17-08:01
) (/usr/share/texlive/texmf-dist/tex/latex/hyperref/hyperref.sty
Package: hyperref 2024-11-05 v7.01l Hypertext links for LaTeX
(/usr/share/texlive/texmf-dist/tex/generic/iftex/iftex.sty
Package: iftex 2024/12/12 v1.0g TeX engine tests
) (/usr/share/texlive/texmf-dist/tex/latex/graphics/keyval.sty
Package: keyval 2022/05/29 v1.15 key=value parser (DPC)
\KV@toks@=\toks18
) (/usr/share/texlive/texmf-dist/tex/latex/kvsetkeys/kvsetkeys.sty
Package: kvsetkeys 2022-10-05 v1.19 Key value parser (HO)
) (/usr/share/texlive/texmf-dist/tex/generic/kvdefinekeys/kvdefinekeys.sty
Package: kvdefinekeys 2019-12-19 v1.6 Define keys (HO)
) (/usr/share/texlive/texmf-dist/tex/generic/pdfescape/pdfescape.sty
Package: pdfescape 2019/12/09 v1.15 Implements pdfTeX's escape features (HO)
(/usr/share/texlive/texmf-dist/tex/generic/ltxcmds/ltxcmds.sty
Package: ltxcmds 2023-12-04 v1.26 LaTeX kernel commands for general use (HO)
) (/usr/share/texlive/texmf-dist/tex/generic/pdftexcmds/pdftexcmds.sty
Package: pdftexcmds 2020-06-27 v0.33 Utility functions of pdfTeX for LuaTeX (HO
)
(/usr/share/texlive/texmf-dist/tex/generic/infwarerr/infwarerr.sty
Package: infwarerr 2019/12/03 v1.5 Providing info/warning/error messages (HO)
)
Package pdftexcmds Info: \pdf@primitive is available.
Package pdftexcmds Info: \pdf@ifprimitive is available.
Package pdftexcmds Info: \pdfdraftmode is ignored in DVI mode.
)) (/usr/share/texlive/texmf-dist/tex/latex/hycolor/hycolor.sty
Package: hycolor 2020-01-27 v1.10 Color options for hyperref/bookmark (HO)
) (/usr/share/texlive/texmf-dist/tex/latex/hyperref/nameref.sty
Package: nameref 2023-11-26 v2.56 Cross-referencing by name of section
(/usr/share/texlive/texmf-dist/tex/latex/refcount/refcount.sty
Package: refcount 2019/12/15 v3.6 Data extraction from label references (HO)
) (/usr/share/texlive/texmf-dist/tex/generic/gettitlestring/gettitlestring.sty
Package: gettitlestring 2019/12/15 v1.6 Cleanup title references (HO)
(/usr/share/texlive/texmf-dist/tex/latex/kvoptions/kvoptions.sty
Package: kvoptions 2022-06-15 v3.15 Key value format for package options (HO)
))
\c@section@level=\count270
) (/usr/share/texlive/texmf-dist/tex/latex/etoolbox/etoolbox.sty
Package: etoolbox 2025/02/11 v2.5l e-TeX tools for LaTeX (JAW)
\etb@tempcnta=\count271
) (/usr/share/texlive/texmf-dist/tex/generic/stringenc/stringenc.sty
Package: stringenc 2019/11/29 v1.12 Convert strings between diff. encodings (HO
)
)
\@linkdim=\dimen142
\Hy@linkcounter=\count272
\Hy@pagecounter=\count273
(/usr/share/texlive/texmf-dist/tex/latex/hyperref/pd1enc.def
File: pd1enc.def 2024-11-05 v7.01l Hyperref: PDFDocEncoding definition (HO)
Now handling font encoding PD1 ...
... no UTF-8 mapping file for font encoding PD1
) (/usr/share/texlive/texmf-dist/tex/generic/intcalc/intcalc.sty
Package: intcalc 2019/12/15 v1.3 Expandable calculations with integers (HO)
)
\Hy@SavedSpaceFactor=\count274
(/usr/share/texlive/texmf-dist/tex/latex/hyperref/puenc.def
File: puenc.def 2024-11-05 v7.01l Hyperref: PDF Unicode definition (HO)
Now handling font encoding PU ...
... no UTF-8 mapping file for font encoding PU
)
Package hyperref Info: Option `colorlinks' set `true' on input line 4040.
Package hyperref Info: Hyper figures OFF on input line 4157.
Package hyperref Info: Link nesting OFF on input line 4162.
Package hyperref Info: Hyper index ON on input line 4165.
Package hyperref Info: Plain pages OFF on input line 4172.
Package hyperref Info: Backreferencing OFF on input line 4177.
Package hyperref Info: Implicit mode ON; LaTeX internals redefined.
Package hyperref Info: Bookmarks ON on input line 4424.
\c@Hy@tempcnt=\count275
(/usr/share/texlive/texmf-dist/tex/latex/url/url.sty
\Urlmuskip=\muskip17
Package: url 2013/09/16  ver 3.4  Verb mode for urls, etc.
)
LaTeX Info: Redefining \url on input line 4763.
\XeTeXLinkMargin=\dimen143
(/usr/share/texlive/texmf-dist/tex/generic/bitset/bitset.sty
Package: bitset 2019/12/09 v1.3 Handle bit-vector datatype (HO)
(/usr/share/texlive/texmf-dist/tex/generic/bigintcalc/bigintcalc.sty
Package: bigintcalc 2019/12/15 v1.5 Expandable calculations on big integers (HO
)
))
\Fld@menulength=\count276
\Field@Width=\dimen144
\Fld@charsize=\dimen145
\Field@toks=\toks19
Package hyperref Info: Hyper figures OFF on input line 6042.
Package hyperref Info: Link nesting OFF on input line 6047.
Package hyperref Info: Hyper index ON on input line 6050.
Package hyperref Info: backreferencing OFF on input line 6057.
Package hyperref Info: Link coloring ON on input line 6060.
Package hyperref Info: Link coloring with OCG OFF on input line 6067.
Package hyperref Info: PDF/A mode OFF on input line 6072.
(/usr/share/texlive/texmf-dist/tex/latex/base/atbegshi-ltx.sty
Package: atbegshi-ltx 2021/01/10 v1.0c Emulation of the original atbegshi
package with kernel methods
)
\Hy@abspage=\count277

Package hyperref Message: Stopped early.

)
Package hyperref Info: Driver: htex4ht.
(/usr/share/texlive/texmf-dist/tex/latex/hyperref/htex4ht.def
File: htex4ht.def 2024-11-05 v7.01l Hyperref driver for TeX4ht
Package hyperref Info: tex4ht is already loaded.
) (/usr/share/texlive/texmf-dist/tex/generic/tex4ht/caption-hooks.4ht
version 2022-11-20-07:09
) (/usr/share/texlive/texmf-dist/tex/latex/caption/caption.sty
Package: caption 2023/08/05 v3.6o Customizing captions (AR)
(/usr/share/texlive/texmf-dist/tex/latex/caption/caption3.sty
Package: caption3 2023/07/31 v2.4d caption3 kernel (AR)
\caption@tempdima=\dimen146
\captionmargin=\dimen147
\caption@leftmargin=\dimen148
\caption@rightmargin=\dimen149
\caption@width=\dimen150
\caption@indent=\dimen151
\caption@parindent=\dimen152
\caption@hangindent=\dimen153
Package caption Info: Standard document class detected.
)
\c@caption@flags=\count278
\c@continuedfloat=\count279
Package caption Info: hyperref package is loaded.
Package caption Info: Hyperref support is turned off
(caption)             because hyperref has stopped early.
) (/usr/share/texlive/texmf-dist/tex/generic/dirtree/dirtree.sty
Package: dirtree 2012/12/11 v0.32 package wrapper for dirtree
(/usr/share/texlive/texmf-dist/tex/generic/dirtree/dirtree.tex `dirtree' v0.32,
 2012/12/11 (jcc)
\DT@offset=\dimen154
\DT@width=\dimen155
\DT@sep=\dimen156
\DT@all=\dimen157
\DT@rulewidth=\dimen158
\DT@dotwidth=\dimen159
\DTbaselineskip=\dimen160
\DT@counti=\count280
\DT@countii=\count281
\DT@countiii=\count282
\DT@countiv=\count283
\DT@indent=\dimen161
\DT@parskip=\dimen162
\DT@baselineskip=\dimen163
)
File: dirtree.tex 2012/12/11 v0.32 `dirtree' (jcc)
) (/usr/share/texlive/texmf-dist/tex/latex/natbib/natbib.sty
Package: natbib 2010/09/13 8.31b (PWD, AO)
\bibhang=\skip51
\bibsep=\skip52
LaTeX Info: Redefining \cite on input line 694.
\c@NAT@ctr=\count284
) (/usr/share/texlive/texmf-dist/tex/latex/graphics/graphicx.sty
Package: graphicx 2021/09/16 v1.2d Enhanced LaTeX Graphics (DPC,SPQR)
(/usr/share/texlive/texmf-dist/tex/generic/tex4ht/graphics-hooks.4ht
version 2022-08-17-14:25
) (/usr/share/texlive/texmf-dist/tex/latex/graphics/graphics.sty
Package: graphics 2024/08/06 v1.4g Standard LaTeX Graphics (DPC,SPQR)
(/usr/share/texlive/texmf-dist/tex/latex/graphics/trig.sty
Package: trig 2023/12/02 v1.11 sin cos tan (DPC)
) (/usr/share/texlive/texmf-dist/tex/latex/graphics-cfg/graphics.cfg
File: graphics.cfg 2016/06/04 v1.11 sample graphics configuration
)
Package graphics Info: Driver file: dvips.def on input line 106.
(/usr/share/texlive/texmf-dist/tex/latex/graphics-def/dvips.def
File: dvips.def 2022/09/22 v3.1e Graphics/color driver for dvips
))
\Gin@req@height=\dimen164
\Gin@req@width=\dimen165
) (/usr/share/texlive/texmf-dist/tex/generic/tex4ht/tex4ht.4ht
version 2025-02-09-08:05
--------------------------------------
--- Note --- for additional information, use the command line option `info'
--------------------------------------
::::::::::::::::::::::::::::::::::::::::::
 TeX4ht info is available in the log file 
::::::::::::::::::::::::::::::::::::::::::
) (/usr/share/texlive/texmf-dist/tex/generic/tex4ht/tex4ht.sty
version 2025-02-27-12:30
(/usr/share/texlive/texmf-dist/tex/latex/graphics/color.sty
Package: color 2024/06/23 v1.3e Standard LaTeX Color (DPC)
(/usr/share/texlive/texmf-dist/tex/latex/graphics-cfg/color.cfg
File: color.cfg 2016/01/02 v1.6 sample color configuration
)
Package color Info: Driver file: dvips.def on input line 149.
(/usr/share/texlive/texmf-dist/tex/latex/graphics/dvipsnam.def
File: dvipsnam.def 2016/06/17 v3.0m Driver-dependent file (DPC,SPQR)
) (/usr/share/texlive/texmf-dist/tex/latex/graphics/mathcolor.ltx))
l.875 --- TeX4ht warning --- nonprimitive \everypar ---
--- needs --- tex4ht index ---
\tmp:cnt=\count285
\openout15 = `index.tmp'.

(./index.tmp)
\tmp:dim=\skip53
(./index.xref)
\:refout=\write3
\openout3 = `index.xref'.

(/usr/share/texlive/texmf-dist/tex/generic/tex4ht/html4.4ht
version 2025-03-05-13:44
--------------------------------------
--- Note --- to remove the <?xml version=...?> processing instruction use the c
ommand line option `no-VERSION'
--------------------------------------
--------------------------------------
--- Note --- to remove the DOCTYPE declaration use the command line option `no-
DOCTYPE'
--------------------------------------
) (/usr/share/texlive/texmf-dist/tex/generic/tex4ht/unicode.4ht
version 2024-12-15-07:18
) (/usr/share/texlive/texmf-dist/tex/generic/tex4ht/html4-math.4ht
version 2024-09-27-10:13
) (/usr/share/texlive/texmf-dist/tex/generic/tex4ht/html5.4ht
version 2024-04-09-09:36
)
--------------------------------------
--- Note --- for marking of the base font, use the command line option `fonts+'

--------------------------------------
--------------------------------------
--- Note --- for non active _, use the command line option `no_'
--------------------------------------
--------------------------------------
--- Note --- for _ of catcode 13, use the command line option `_13'
--------------------------------------
--------------------------------------
--- Note --- for non active ^, use the command line option `no^'
--------------------------------------
--------------------------------------
--- Note --- for ^ of catcode 13, use the command line option `^13'
--------------------------------------
(/usr/share/texlive/texmf-dist/tex/generic/tex4ht/html4.4ht
version 2025-03-05-13:44
--------------------------------------
--- Note --- to ignore CSS font decoration, use the `NoFonts' command line opti
on
--------------------------------------
--------------------------------------
--- Note --- for jpg bitmaps of pictures, use the `jpg' command line option. (C
haracter bitmaps are controled only by `g' records of tex4ht.env and `-g' switc
hes of tex4ht.c) 
--------------------------------------
--------------------------------------
--- Note --- for gif bitmaps of pictures, use the `gif' command line option. (C
haracter bitmaps are controled only by `g' records of tex4ht.env and `-g' switc
hes of tex4ht.c) 
--------------------------------------
--------------------------------------
--- Note --- for content and toc in 2 frames, use the command line option `fram
es'
--------------------------------------
--------------------------------------
--- Note --- for content, toc, and footnotes in 3 frames, use the command line 
option `frames-fn'
--------------------------------------
--------------------------------------
--- Note --- for file extension name xht, use the command line option `xht'
--------------------------------------
TeX4ht package options: xhtml,charset=utf-8,html5,html
--------------------------------------
--- Note --- To print a timestamp, use the command line option timestamp
--------------------------------------
--------------------------------------
--- Note --- to ignore CSS code, use the command line option `-css
--------------------------------------
--------------------------------------
--- Note --- for inline CSS code, use the command line option `css-in'
--------------------------------------
--------------------------------------
--- Note --- for pop ups on mouse over, use the command line option `mouseover'

--------------------------------------
--------------------------------------
--- Note --- for addressing images in a subdirectory, use the command line opti
on `imgdir:.../'
--------------------------------------
) (/usr/share/texlive/texmf-dist/tex/generic/tex4ht/unicode.4ht
version 2024-12-15-07:18
) (/usr/share/texlive/texmf-dist/tex/generic/tex4ht/html4-math.4ht
version 2024-09-27-10:13
) (/usr/share/texlive/texmf-dist/tex/generic/tex4ht/html5.4ht
version 2024-04-09-09:36
--------------------------------------
--- Note --- To print a timestamp, use the command line option timestamp
--------------------------------------
--------------------------------------
--- Note --- We use a default CSS style. Use the `nostyle' option if you want t
o use custom a CSS design
--------------------------------------
)
\:tokwrite=\toks20
\:tokpage=\toks21
--------------------------------------
--- Note --- for back links to toc, use the command line option `sections+'
--------------------------------------
--------------------------------------
--- Note --- for linear crosslinks of pages, use the command line option `next'

--------------------------------------
\openout15 = `index.4ct'.

\:tocout=\write4
\openout4 = `index.4tc'.

(index.4tc) (/usr/share/texlive/texmf-dist/tex/generic/tex4ht/html4.4ht
version 2025-03-05-13:44
) (/usr/share/texlive/texmf-dist/tex/generic/tex4ht/unicode.4ht
version 2024-12-15-07:18
) (/usr/share/texlive/texmf-dist/tex/generic/tex4ht/html4-math.4ht
version 2024-09-27-10:13
) (/usr/share/texlive/texmf-dist/tex/generic/tex4ht/html5.4ht
version 2024-04-09-09:36
) (/usr/share/texlive/texmf-dist/tex/generic/tex4ht/latex.4ht
version 2025-02-05-13:01
LaTeX Info: Redefining \_ on input line 180.
LaTeX Info: Redefining \begin on input line 624.
LaTeX Info: Redefining \end on input line 672.
LaTeX Info: Redefining \, on input line 834.
LaTeX Info: Redefining \; on input line 835.
LaTeX Info: Redefining \! on input line 836.
LaTeX Info: Redefining \: on input line 837.
LaTeX Info: Redefining \> on input line 838.
--------------------------------------
--- Note --- for links into captions, instead of float heads, use the command l
ine option `refcaption'
--------------------------------------
(/usr/share/texlive/texmf-dist/tex/generic/tex4ht/html4.4ht
version 2025-03-05-13:44
) (/usr/share/texlive/texmf-dist/tex/generic/tex4ht/unicode.4ht
version 2024-12-15-07:18
) (/usr/share/texlive/texmf-dist/tex/generic/tex4ht/html4-math.4ht
version 2024-09-27-10:13
) (/usr/share/texlive/texmf-dist/tex/generic/tex4ht/html5.4ht
version 2024-04-09-09:36
) (/usr/share/texlive/texmf-dist/tex/generic/tex4ht/html4.4ht
version 2025-03-05-13:44
--------------------------------------
--- Note --- For mini tocs immediately aftter the header use the command line o
ption `minitoc<'
--------------------------------------
--------------------------------------
--- Note --- for enumerated list elements with valued data, use the command lin
e option `enumerate+'
--------------------------------------
--------------------------------------
--- Note --- for enumerated list elements li's with value attributes, use the c
ommand line option `enumerate-'
--------------------------------------
--------------------------------------
--- Note --- for CSS2 code, use the command line option `css2'
--------------------------------------
--------------------------------------
--- Note --- for pictorial tabular, use the command line option `pic-tabular'
--------------------------------------
--------------------------------------
--- Note --- for bitmap fbox'es, use the command line option `pic-fbox'
--------------------------------------
--------------------------------------
--- Note --- for bitmap framebox'es, use the command line option `pic-framebox'

--------------------------------------
--------------------------------------
--- Note --- for inline footnotes use command line option `fn-in'
--------------------------------------
--------------------------------------
--- Note --- for tracing of latex font commands, use the command line option `f
onts'
--------------------------------------
--------------------------------------
--- Note --- for width specifications of tabular p entries, use the `p-width' c
ommand line option or a configuration similar to \Configure{HColWidth}{\HCode{ 
style="width:\HColWidth"}}
--------------------------------------
) (/usr/share/texlive/texmf-dist/tex/generic/tex4ht/unicode.4ht
version 2024-12-15-07:18
) (/usr/share/texlive/texmf-dist/tex/generic/tex4ht/html4-math.4ht
version 2024-09-27-10:13
--------------------------------------
--- Note --- for pictorial eqnarray, use the command line option `pic-eqnarray'

--------------------------------------
--------------------------------------
--- Note --- for pictorial array, use the command line option `pic-array'
--------------------------------------
--------------------------------------
--- Note --- for pictorial $...$ environments, use the command line option `pic
-m' (not recommended!!)
--------------------------------------
--------------------------------------
--- Note --- for pictorial $...$ and $$...$$ environments with latex alt, use t
he command line option `pic-m+' (not safe!!)
--------------------------------------
--------------------------------------
--- Note --- for pictorial array, use the command line option `pic-array'
--------------------------------------
) (/usr/share/texlive/texmf-dist/tex/generic/tex4ht/html5.4ht
version 2024-04-09-09:36
)) (/usr/share/texlive/texmf-dist/tex/generic/tex4ht/fontmath.4ht
version 2022-10-25-13:59
(/usr/share/texlive/texmf-dist/tex/generic/tex4ht/html4.4ht
version 2025-03-05-13:44
) (/usr/share/texlive/texmf-dist/tex/generic/tex4ht/unicode.4ht
version 2024-12-15-07:18
) (/usr/share/texlive/texmf-dist/tex/generic/tex4ht/html4-math.4ht
version 2024-09-27-10:13
) (/usr/share/texlive/texmf-dist/tex/generic/tex4ht/html5.4ht
version 2024-04-09-09:36
)) (/usr/share/texlive/texmf-dist/tex/generic/tex4ht/article.4ht
version 2023-04-10-13:46
(/usr/share/texlive/texmf-dist/tex/generic/tex4ht/html4.4ht
version 2025-03-05-13:44
--------------------------------------
--- Note --- for automatic sectioning pagination, use the command line option `
1', `2', `3', '4', '5', '6', or '7'
--------------------------------------
--------------------------------------
--- Note --- for files named derived from section titles, use the command line 
option `sec-filename'
--------------------------------------
--------------------------------------
--- Note --- for i-columns index, use the command line option `index=i' (e.g., 
index=2)
--------------------------------------
) (/usr/share/texlive/texmf-dist/tex/generic/tex4ht/unicode.4ht
version 2024-12-15-07:18
) (/usr/share/texlive/texmf-dist/tex/generic/tex4ht/html4-math.4ht
version 2024-09-27-10:13
) (/usr/share/texlive/texmf-dist/tex/generic/tex4ht/html5.4ht
version 2024-04-09-09:36
)) (/usr/share/texlive/texmf-dist/tex/generic/tex4ht/hyperref.4ht
version 2024-02-29-14:08
LaTeX Info: Redefining \autoref on input line 88.
\Hy@SectionHShift=\skip54
(/usr/share/texlive/texmf-dist/tex/generic/tex4ht/html4.4ht
version 2025-03-05-13:44
) (/usr/share/texlive/texmf-dist/tex/generic/tex4ht/unicode.4ht
version 2024-12-15-07:18
) (/usr/share/texlive/texmf-dist/tex/generic/tex4ht/html4-math.4ht
version 2024-09-27-10:13
) (/usr/share/texlive/texmf-dist/tex/generic/tex4ht/html5.4ht
version 2024-04-09-09:36
)) (/usr/share/texlive/texmf-dist/tex/generic/tex4ht/nameref.4ht
version 2025-03-03-13:56
(/usr/share/texlive/texmf-dist/tex/generic/tex4ht/html4.4ht
version 2025-03-05-13:44
) (/usr/share/texlive/texmf-dist/tex/generic/tex4ht/unicode.4ht
version 2024-12-15-07:18
) (/usr/share/texlive/texmf-dist/tex/generic/tex4ht/html4-math.4ht
version 2024-09-27-10:13
) (/usr/share/texlive/texmf-dist/tex/generic/tex4ht/html5.4ht
version 2024-04-09-09:36
)) (/usr/share/texlive/texmf-dist/tex/generic/tex4ht/pd1enc.4ht
version 2009-05-21-09:32
(/usr/share/texlive/texmf-dist/tex/generic/tex4ht/html4.4ht
version 2025-03-05-13:44
) (/usr/share/texlive/texmf-dist/tex/generic/tex4ht/unicode.4ht
version 2024-12-15-07:18
) (/usr/share/texlive/texmf-dist/tex/generic/tex4ht/html4-math.4ht
version 2024-09-27-10:13
) (/usr/share/texlive/texmf-dist/tex/generic/tex4ht/html5.4ht
version 2024-04-09-09:36
)) (/usr/share/texlive/texmf-dist/tex/generic/tex4ht/url.4ht
version 2023-02-19-10:11
(/usr/share/texlive/texmf-dist/tex/generic/tex4ht/html4.4ht
version 2025-03-05-13:44
--------------------------------------
--- Note --- for URL encoding within href use the command line option `url-enc'

--------------------------------------
) (/usr/share/texlive/texmf-dist/tex/generic/tex4ht/unicode.4ht
version 2024-12-15-07:18
) (/usr/share/texlive/texmf-dist/tex/generic/tex4ht/html4-math.4ht
version 2024-09-27-10:13
) (/usr/share/texlive/texmf-dist/tex/generic/tex4ht/html5.4ht
version 2024-04-09-09:36
)) (/usr/share/texlive/texmf-dist/tex/generic/tex4ht/caption.4ht
version 2024-11-11-13:40
(/usr/share/texlive/texmf-dist/tex/generic/tex4ht/html4.4ht
version 2025-03-05-13:44
) (/usr/share/texlive/texmf-dist/tex/generic/tex4ht/unicode.4ht
version 2024-12-15-07:18
) (/usr/share/texlive/texmf-dist/tex/generic/tex4ht/html4-math.4ht
version 2024-09-27-10:13
) (/usr/share/texlive/texmf-dist/tex/generic/tex4ht/html5.4ht
version 2024-04-09-09:36
)) (/usr/share/texlive/texmf-dist/tex/generic/tex4ht/natbib.4ht
version 2021-06-27-08:11
(/usr/share/texlive/texmf-dist/tex/generic/tex4ht/html4.4ht
version 2025-03-05-13:44
) (/usr/share/texlive/texmf-dist/tex/generic/tex4ht/unicode.4ht
version 2024-12-15-07:18
) (/usr/share/texlive/texmf-dist/tex/generic/tex4ht/html4-math.4ht
version 2024-09-27-10:13
) (/usr/share/texlive/texmf-dist/tex/generic/tex4ht/html5.4ht
version 2024-04-09-09:36
)) (/usr/share/texlive/texmf-dist/tex/generic/tex4ht/graphicx.4ht
version 2022-01-12-13:53
(/usr/share/texlive/texmf-dist/tex/generic/tex4ht/html4.4ht
version 2025-03-05-13:44
) (/usr/share/texlive/texmf-dist/tex/generic/tex4ht/unicode.4ht
version 2024-12-15-07:18
) (/usr/share/texlive/texmf-dist/tex/generic/tex4ht/html4-math.4ht
version 2024-09-27-10:13
) (/usr/share/texlive/texmf-dist/tex/generic/tex4ht/html5.4ht
version 2024-04-09-09:36
)) (/usr/share/texlive/texmf-dist/tex/generic/tex4ht/graphics.4ht
version 2024-03-07-13:56
(/usr/share/texlive/texmf-dist/tex/generic/tex4ht/html4.4ht
version 2025-03-05-13:44
--------------------------------------
--- Note --- if included graphics are of degraded quality, try the command line
 options `graphics-num' or `graphics-'. The `num' should provide the density of
 pixels in the bitmaps (e.g., 110). 
--------------------------------------
--------------------------------------
--- Note --- for setting image dimensions, try the option `Gin-dim'; to use per
cents instead of units, use `Gin-perecent'; for key dimensions when bounding bo
x is unavailable try `Gin-dim+'; neither is recommended
--------------------------------------
) (/usr/share/texlive/texmf-dist/tex/generic/tex4ht/unicode.4ht
version 2024-12-15-07:18
) (/usr/share/texlive/texmf-dist/tex/generic/tex4ht/html4-math.4ht
version 2024-09-27-10:13
) (/usr/share/texlive/texmf-dist/tex/generic/tex4ht/html5.4ht
version 2024-04-09-09:36
)) (/usr/share/texlive/texmf-dist/tex/generic/tex4ht/dvips.4ht
version 2009-05-21-09:32
(/usr/share/texlive/texmf-dist/tex/generic/tex4ht/html4.4ht
version 2025-03-05-13:44
) (/usr/share/texlive/texmf-dist/tex/generic/tex4ht/unicode.4ht
version 2024-12-15-07:18
) (/usr/share/texlive/texmf-dist/tex/generic/tex4ht/html4-math.4ht
version 2024-09-27-10:13
) (/usr/share/texlive/texmf-dist/tex/generic/tex4ht/html5.4ht
version 2024-04-09-09:36
)) (/usr/share/texlive/texmf-dist/tex/generic/tex4ht/color.4ht
version 2022-02-01-14:27
(/usr/share/texlive/texmf-dist/tex/generic/tex4ht/html4.4ht
version 2025-03-05-13:44
) (/usr/share/texlive/texmf-dist/tex/generic/tex4ht/unicode.4ht
version 2024-12-15-07:18
) (/usr/share/texlive/texmf-dist/tex/generic/tex4ht/html4-math.4ht
version 2024-09-27-10:13
) (/usr/share/texlive/texmf-dist/tex/generic/tex4ht/html5.4ht
version 2024-04-09-09:36
)) (/usr/share/texlive/texmf-dist/tex/generic/tex4ht/dvipsnam.4ht
version 2009-05-21-09:32
(/usr/share/texlive/texmf-dist/tex/latex/graphics/dvipsnam.def) (/usr/share/tex
live/texmf-dist/tex/generic/tex4ht/html4.4ht
version 2025-03-05-13:44
) (/usr/share/texlive/texmf-dist/tex/generic/tex4ht/unicode.4ht
version 2024-12-15-07:18
) (/usr/share/texlive/texmf-dist/tex/generic/tex4ht/html4-math.4ht
version 2024-09-27-10:13
) (/usr/share/texlive/texmf-dist/tex/generic/tex4ht/html5.4ht
version 2024-04-09-09:36
)) (/usr/share/texlive/texmf-dist/tex/generic/tex4ht/html4.4ht
version 2025-03-05-13:44
) (/usr/share/texlive/texmf-dist/tex/generic/tex4ht/unicode.4ht
version 2024-12-15-07:18
) (/usr/share/texlive/texmf-dist/tex/generic/tex4ht/html4-math.4ht
version 2024-09-27-10:13
) (/usr/share/texlive/texmf-dist/tex/generic/tex4ht/html5.4ht
version 2024-04-09-09:36
)) (/usr/share/texlive/texmf-dist/tex/latex/l3backend/l3backend-dvips.def
File: l3backend-dvips.def 2024-05-08 L3 backend support: dvips
\l__pdf_internal_box=\box52
\l__pdf_backend_content_box=\box53
\l__pdf_backend_model_box=\box54
\g__pdf_backend_annotation_int=\count286
\g__pdf_backend_link_int=\count287
\g__pdf_backend_link_sf_int=\count288
) (./index.aux)
\openout1 = `index.aux'.

LaTeX Font Info:    Checking defaults for OML/cmm/m/it on input line 14.
LaTeX Font Info:    ... okay on input line 14.
LaTeX Font Info:    Checking defaults for OMS/cmsy/m/n on input line 14.
LaTeX Font Info:    ... okay on input line 14.
LaTeX Font Info:    Checking defaults for OT1/cmr/m/n on input line 14.
LaTeX Font Info:    ... okay on input line 14.
LaTeX Font Info:    Checking defaults for T1/cmr/m/n on input line 14.
LaTeX Font Info:    ... okay on input line 14.
LaTeX Font Info:    Checking defaults for TS1/cmr/m/n on input line 14.
LaTeX Font Info:    ... okay on input line 14.
LaTeX Font Info:    Checking defaults for OMX/cmex/m/n on input line 14.
LaTeX Font Info:    ... okay on input line 14.
LaTeX Font Info:    Checking defaults for U/cmr/m/n on input line 14.
LaTeX Font Info:    ... okay on input line 14.
LaTeX Font Info:    Checking defaults for PD1/pdf/m/n on input line 14.
LaTeX Font Info:    ... okay on input line 14.
LaTeX Font Info:    Checking defaults for PU/pdf/m/n on input line 14.
LaTeX Font Info:    ... okay on input line 14.
Package hyperref Info: Link coloring ON on input line 14.
Package caption Info: Begin \AtBeginDocument code.
Package caption Info: End \AtBeginDocument code.
--- file index.css ---


[1

]

[2]
LaTeX Font Info:    External font `cmex10' loaded for size
(Font)              <12> on input line 16.
LaTeX Font Info:    External font `cmex10' loaded for size
(Font)              <8> on input line 16.
LaTeX Font Info:    External font `cmex10' loaded for size
(Font)              <6> on input line 16.


[3]

[4]

[5]
! Use of \next doesn't match its definition.
\dirtree ... \let \next \DT@readarg \next #1\@nil 
                                                  \dimen \z@ =\hsize \advanc...
l.168 \dirtree{}
                
If you say, e.g., `\def\a1{...}', then you must always
put `1' after `\a', since control sequence names are
made up of letters only. The macro here has not been
followed by the required stuff, so I'm ignoring it.

LaTeX Font Info:    External font `cmex10' loaded for size
(Font)              <7> on input line 192.
LaTeX Font Info:    External font `cmex10' loaded for size
(Font)              <5> on input line 192.


[6]

[7]
l.243 --- TeX4ht warning --- File `"EDM.xbb"' not found ---
l.243 --- TeX4ht warning --- Cannot determine size of graphic in "EDM.xbb" (no 
BoundingBox) ---
l. 243 --- needs --- EDM.jpg ---
l. 274 Writing index.idv[1] (index0x.png)
l. 275 Writing index.idv[2] (index1x.png)
l. 281 Writing index.idv[3] (index2x.png)


[8]
l. 294 Writing index.idv[4] (index3x.png)
l. 294 Writing index.idv[5] (index4x.png)
l.311 --- TeX4ht warning --- File `"AvP.xbb"' not found ---
l.311 --- TeX4ht warning --- Cannot determine size of graphic in "AvP.xbb" (no 
BoundingBox) ---
l. 311 --- needs --- AvP-.png ---
! Undefined control sequence.
<argument> ...erence line for $\hat {\rho }_\text 
                                                  {PV}=\hat {\rho }_\text {A...
l.319     same data, using Equation~\ref{eq:NO}.}
                                                 
The control sequence at the end of the top line
of your error message was never \def'ed. If you have
misspelled it (e.g., `\hobx'), type `I' and the correct
spelling (e.g., `I\hbox'). Otherwise just continue,
and I'll forget about whatever was undefined.

! Undefined control sequence.
<argument> ...rho }_\text {PV}=\hat {\rho }_\text 
                                                  {AC}$; c) radial plot of t...
l.319     same data, using Equation~\ref{eq:NO}.}
                                                 
The control sequence at the end of the top line
of your error message was never \def'ed. If you have
misspelled it (e.g., `\hobx'), type `I' and the correct
spelling (e.g., `I\hbox'). Otherwise just continue,
and I'll forget about whatever was undefined.

! Undefined control sequence.
<argument> ...erence line for $\hat {\rho }_\text 
                                                  {PV}=\hat {\rho }_\text {A...
l.319     same data, using Equation~\ref{eq:NO}.}
                                                 
The control sequence at the end of the top line
of your error message was never \def'ed. If you have
misspelled it (e.g., `\hobx'), type `I' and the correct
spelling (e.g., `I\hbox'). Otherwise just continue,
and I'll forget about whatever was undefined.

! Undefined control sequence.
<argument> ...rho }_\text {PV}=\hat {\rho }_\text 
                                                  {AC}$; c) radial plot of t...
l.319     same data, using Equation~\ref{eq:NO}.}
                                                 
The control sequence at the end of the top line
of your error message was never \def'ed. If you have
misspelled it (e.g., `\hobx'), type `I' and the correct
spelling (e.g., `I\hbox'). Otherwise just continue,
and I'll forget about whatever was undefined.

! Undefined control sequence.
<argument> ...erence line for $\hat {\rho }_\text 
                                                  {PV}=\hat {\rho }_\text {A...
l.319     same data, using Equation~\ref{eq:NO}.}
                                                 
The control sequence at the end of the top line
of your error message was never \def'ed. If you have
misspelled it (e.g., `\hobx'), type `I' and the correct
spelling (e.g., `I\hbox'). Otherwise just continue,
and I'll forget about whatever was undefined.

! Undefined control sequence.
<argument> ...rho }_\text {PV}=\hat {\rho }_\text 
                                                  {AC}$; c) radial plot of t...
l.319     same data, using Equation~\ref{eq:NO}.}
                                                 
The control sequence at the end of the top line
of your error message was never \def'ed. If you have
misspelled it (e.g., `\hobx'), type `I' and the correct
spelling (e.g., `I\hbox'). Otherwise just continue,
and I'll forget about whatever was undefined.

l. 319 Writing index.idv[6] (index5x.png)
! Undefined control sequence.
\SuB: ->\text 
              
l.319     same data, using Equation~\ref{eq:NO}.}
                                                 
The control sequence at the end of the top line
of your error message was never \def'ed. If you have
misspelled it (e.g., `\hobx'), type `I' and the correct
spelling (e.g., `I\hbox'). Otherwise just continue,
and I'll forget about whatever was undefined.

l. 319 Writing index.idv[7] (index6x.png)
! Undefined control sequence.
\SuB: ->\text 
              
l.319     same data, using Equation~\ref{eq:NO}.}
                                                 
The control sequence at the end of the top line
of your error message was never \def'ed. If you have
misspelled it (e.g., `\hobx'), type `I' and the correct
spelling (e.g., `I\hbox'). Otherwise just continue,
and I'll forget about whatever was undefined.

l. 319 Writing index.idv[8] (index7x.png)
! Undefined control sequence.
\SuB: ->\text 
              
l.319     same data, using Equation~\ref{eq:NO}.}
                                                 
The control sequence at the end of the top line
of your error message was never \def'ed. If you have
misspelled it (e.g., `\hobx'), type `I' and the correct
spelling (e.g., `I\hbox'). Otherwise just continue,
and I'll forget about whatever was undefined.

l. 319 Writing index.idv[9] (index8x.png)
! Undefined control sequence.
\SuB: ->\text 
              
l.319     same data, using Equation~\ref{eq:NO}.}
                                                 
The control sequence at the end of the top line
of your error message was never \def'ed. If you have
misspelled it (e.g., `\hobx'), type `I' and the correct
spelling (e.g., `I\hbox'). Otherwise just continue,
and I'll forget about whatever was undefined.



[9]

[10] (../output/shortcrowdtable.txt
LaTeX Font Info:    External font `cmex10' loaded for size
(Font)              <9> on input line 1.
l. 15 Writing index.idv[10] (index9x.png)
)

Package caption Warning: \setcaptiontype
(caption)                outside box or environment on input line 415.
See the caption package documentation for explanation.



[11]
l. 428 Writing index.idv[11] (index10x.png)

! LaTeX Error: Unicode character − (U+2212)
               not set up for use with LaTeX.

See the LaTeX manual or LaTeX Companion for explanation.
Type  H <return>  for immediate help.
 ...                                              
                                                  
l.428   PV's count.}
                    
You may provide a definition with
\DeclareUnicodeCharacter 

l. 428 Writing index.idv[12] (index11x.png)

! LaTeX Error: Unicode character − (U+2212)
               not set up for use with LaTeX.

See the LaTeX manual or LaTeX Companion for explanation.
Type  H <return>  for immediate help.
 ...                                              
                                                  
l.428   PV's count.}
                    
You may provide a definition with
\DeclareUnicodeCharacter 



[12]
l.490 --- TeX4ht warning --- File `"stripchart.xbb"' not found ---
l.490 --- TeX4ht warning --- Cannot determine size of graphic in "stripchart.xb
b" (no BoundingBox) ---
l. 490 --- needs --- stripchart-.png ---


[13]
l.518 --- TeX4ht warning --- File `"23vs25.xbb"' not found ---
l.518 --- TeX4ht warning --- Cannot determine size of graphic in "23vs25.xbb" (
no BoundingBox) ---
l. 518 --- needs --- 23vs25-.png ---


[14]

[15]

[16] (./index.bbl

[17]

[18]

[19])

[20] (./index.aux)
 ***********
LaTeX2e <2024-11-01> patch level 2
L3 programming layer <2025-01-18>
 ***********

LaTeX Warning: Label(s) may have changed. Rerun to get cross-references right.

 ) 
Here is how much of TeX's memory you used:
 14247 strings out of 473198
 212893 string characters out of 5718631
 821738 words of memory out of 5000000
 37192 multiletter control sequences out of 15000+600000
 566039 words of font info for 60 fonts, out of 8000000 for 9000
 1141 hyphenation exceptions out of 8191
 80i,12n,96p,1584b,737s stack positions out of 10000i,1000n,20000p,200000b,200000s

Output written on index.dvi (20 pages, 228912 bytes).
